usbDriver.h:22:42:IEPNT	16	static
usbDriver.h:32:43:OEPNT	16	static
usbDriver.h:41:31:FIFO	16	static
usbDriver.c:5:13:usb_gpio_init	4	static
usbDriver.c:26:13:usb_core_init	4	static
usbDriver.c:51:13:device_core_init	4	static
usbDriver.c:78:13:connect_usb	4	static
usbDriver.c:91:13:disconnect_usb	4	static
usbDriver.c:105:13:setAddress	16	static
usbDriver.c:114:13:refresh_fifo_address	16	static
usbDriver.c:135:13:configure_rxfifo	16	static
usbDriver.c:153:13:configure_txfifo	16	static
usbDriver.c:173:13:configure_endpoint0	24	static
usbDriver.c:192:13:configure_in_endpoint	24	static
usbDriver.c:212:13:read_Packet	32	static
usbDriver.c:248:13:write_packet	24	static
usbDriver.c:277:13:flushRXFIFO	4	static
usbDriver.c:288:13:flushTXFIFO	16	static
usbDriver.c:300:13:deconfigure_in_endpoint	24	static
usbDriver.c:338:13:usb_rst_handler	16	static
usbDriver.c:352:13:enum_done_handler	8	static
usbDriver.c:362:13:rxflvl_handler	24	static
usbDriver.c:401:13:gint_handlers	16	static
