03:36:28 **** Incremental Build of configuration Debug for project proj001 ****
make -j4 all 
arm-none-eabi-gcc "../Src/systemconfig.c" -mcpu=cortex-m4 -std=gnu11 -g3 -DDEBUG -DSTM32F429I_DISC1 -DSTM32 -DSTM32F429ZITx -DSTM32F4 -DSTM32F429xx -c -I../Inc -I"/home/ashwin/Documents/usb/usbDev_workspace/proj001/Inc/CMSIS/Device/ST/STM32F4xx/Include" -I"/home/ashwin/Documents/usb/usbDev_workspace/proj001/Inc/CMSIS/Include" -O0 -ffunction-sections -fdata-sections -Wall -fstack-usage -MMD -MP -MF"Src/systemconfig.d" -MT"Src/systemconfig.o" --specs=nano.specs -mfpu=fpv4-sp-d16 -mfloat-abi=hard -mthumb -o "Src/systemconfig.o"
arm-none-eabi-gcc -o "proj001.elf" @"objects.list"   -mcpu=cortex-m4 -T"/home/ashwin/Documents/usb/usbDev_workspace/proj001/STM32F429ZITX_FLASH.ld" --specs=nosys.specs -Wl,-Map="proj001.map" -Wl,--gc-sections -static --specs=nano.specs -mfpu=fpv4-sp-d16 -mfloat-abi=hard -mthumb -Wl,--start-group -lc -lm -Wl,--end-group
Finished building target: proj001.elf
 
arm-none-eabi-size   proj001.elf 
arm-none-eabi-objdump -h -S  proj001.elf  > "proj001.list"
arm-none-eabi-objcopy  -O binary  proj001.elf  "proj001.bin"
   text	   data	    bss	    dec	    hex	filename
   5676	    108	   1596	   7380	   1cd4	proj001.elf
Finished building: default.size.stdout
 
Finished building: proj001.bin
 
Finished building: proj001.list
 
03:36:36 **** Incremental Build of configuration Debug for project proj001 ****
make -j4 all 
arm-none-eabi-size   proj001.elf 
   text	   data	    bss	    dec	    hex	filename
   5676	    108	   1596	   7380	   1cd4	proj001.elf
Finished building: default.size.stdout
 
03:37:38 **** Incremental Build of configuration Debug for project proj001 ****
make -j4 all 
arm-none-eabi-size   proj001.elf 
   text	   data	    bss	    dec	    hex	filename
   5676	    108	   1596	   7380	   1cd4	proj001.elf
Finished building: default.size.stdout
 
